[ibeeanalytics.com/index.html]
[backblue.gif]
[fade.gif]
[index.html]
[ibeeanalytics.com/assets/img/favicon/apple-touch-icon.png]
[ibeeanalytics.com/assets/img/favicon/favicon-32x32.png]
[ibeeanalytics.com/assets/img/favicon/favicon-16x16.png]
[maxcdn.bootstrapcdn.com/bootstrap/4.0.0/css/bootstrap.min.css]
[code.jquery.com/jquery-3.2.1.slim.min.js]
[cdnjs.cloudflare.com/ajax/libs/popper.js/1.12.9/umd/popper.min.js]
[maxcdn.bootstrapcdn.com/bootstrap/4.0.0/js/bootstrap.min.js]
[cdnjs.cloudflare.com/ajax/libs/font-awesome/5.8.0/css/all.min.css]
[ibeeanalytics.com/theme/css/animate.min.css]
[cdnjs.cloudflare.com/ajax/libs/SlickNav/1.0.10/slicknav.min.css]
[ibeeanalytics.com/theme/css/pricing-table.css]
[ibeeanalytics.com/theme/css/owl.carousel.min.css]
[cdnjs.cloudflare.com/ajax/libs/venobox/1.8.9/venobox.min.css]
[ibeeanalytics.com/theme/css/main.css]
[ibeeanalytics.com/theme/css/responsive.css]
[ibeeanalytics.com/theme/css/enquiry.css]
[ibeeanalytics.com/theme/js/vendor/modernizr-2.8.3-respond-1.4.2.min.js]
[ibeeanalytics.com/assets/vendor/aos/aos.css]
[ibeeanalytics.com/assets/vendor/bootstrap/css/bootstrap.min.css]
[ibeeanalytics.com/assets/vendor/bootstrap-icons/bootstrap-icons.css]
[ibeeanalytics.com/assets/vendor/glightbox/css/glightbox.min.css]
[ibeeanalytics.com/assets/vendor/remixicon/remixicon.css]
[ibeeanalytics.com/assets/vendor/swiper/swiper-bundle.min.css]
[ibeeanalytics.com/assets/css/style.css]
[ibeeanalytics.com/assets/img/IBEE_WITH_CAP.jpg]
[ibeeanalytics.com/services.html]
[ibeeanalytics.com/pricing.html]
[ibeeanalytics.com/contact.html]
[ibeeanalytics.com/hire-me.html]
[ibeeanalytics.com/assets/img/10780311_19198948.jpg]
[ibeeanalytics.com/assets/img/image1.jpg]
[ibeeanalytics.com/assets/img/values-1.png]
[ibeeanalytics.com/assets/img/values-2.png]
[ibeeanalytics.com/assets/img/values-3.png]
[ibeeanalytics.com/assets/img/values-4.png]
[ibeeanalytics.com/assets/img/values-5.png]
[ibeeanalytics.com/assets/img/values-6.png]
[ibeeanalytics.com/assets/img/mobile_marketing.gif]
[ibeeanalytics.com/cdn-cgi/l/email-protection.html]
[ibeeanalytics.com/cdn-cgi/scripts/5c5dd728/cloudflare-static/email-decode.min.js]
[ibeeanalytics.com/theme/js/vendor/jquery-1.12.4.min.js]
[cdnjs.cloudflare.com/ajax/libs/SlickNav/1.0.10/jquery.slicknav.min.js]
[ibeeanalytics.com/theme/js/owl.carousel.min.js]
[cdnjs.cloudflare.com/ajax/libs/smooth-scroll/10.1.0/js/smooth-scroll.min.js]
[ibeeanalytics.com/theme/js/vendor/jquery.waypoints.v2.0.3.min.js]
[ibeeanalytics.com/theme/js/wow.min.js]
[cdnjs.cloudflare.com/ajax/libs/venobox/1.8.9/venobox.min.js]
[ibeeanalytics.com/theme/js/main.js]
[ibeeanalytics.com/theme/js/pricing-switcher.js]
[ibeeanalytics.com/assets/vendor/purecounter/purecounter_vanilla.js]
[ibeeanalytics.com/assets/vendor/aos/aos.js]
[ibeeanalytics.com/assets/vendor/bootstrap/js/bootstrap.bundle.min.js]
[ibeeanalytics.com/assets/vendor/glightbox/js/glightbox.min.js]
[ibeeanalytics.com/assets/vendor/isotope-layout/isotope.pkgd.min.js]
[ibeeanalytics.com/assets/vendor/swiper/swiper-bundle.min.js]
[ibeeanalytics.com/index.html]
[ibeeanalytics.com/assets/img/favicon/site.html]
[maxcdn.bootstrapcdn.com/bootstrap/4.0.0/css/bootstrap.min.css]
[cdnjs.cloudflare.com/ajax/libs/font-awesome/5.8.0/css/all.min.css]
[ibeeanalytics.com/theme/css/animate.min.css]
[cdnjs.cloudflare.com/ajax/libs/SlickNav/1.0.10/slicknav.min.css]
[ibeeanalytics.com/theme/css/pricing-table.css]
[ibeeanalytics.com/assets/js/main.js]
[ibeeanalytics.com/theme/css/owl.video.play.png]
[ibeeanalytics.com/theme/css/owl.carousel.min.css]
[cdnjs.cloudflare.com/ajax/libs/venobox/1.8.9/venobox.min.css]
[ibeeanalytics.com/theme/img/blue-shape.png]
[ibeeanalytics.com/theme/img/yellow-shape.png]
[ibeeanalytics.com/theme/img/overlay-shape-1.png]
[ibeeanalytics.com/theme/img/overlay-shape-2.png]
[ibeeanalytics.com/assets/img/5311.jpg]
[ibeeanalytics.com/theme/img/right-pattern.png]
[ibeeanalytics.com/theme/img/overlay-shape-6.png]
[ibeeanalytics.com/theme/img/overlay-shape-3.png]
[ibeeanalytics.com/theme/img/overlay-shape-4.png]
[ibeeanalytics.com/theme/img/overlay-shape-5.png]
[ibeeanalytics.com/theme/img/bg-svg.svg]
[ibeeanalytics.com/theme/img/120.jpg]
[ibeeanalytics.com/theme/img/bg-channel.svg]
[ibeeanalytics.com/theme/img/hero-moc-4.png]
[ibeeanalytics.com/theme/img/hero-moc-3.png]
[ibeeanalytics.com/theme/img/feature-pattern.png]
[assets.animatron.com/images/landing/new/macbook-540x304-2x.png]
[ibeeanalytics.com/theme/img/shape-1.png]
[ibeeanalytics.com/theme/img/dashboard-1.png]
[ibeeanalytics.com/theme/img/dashboard-2.png]
[ibeeanalytics.com/theme/img/mobile-moc-1.png]
[ibeeanalytics.com/theme/img/map.png]
[ibeeanalytics.com/theme/img/question.svg]
[ibeeanalytics.com/theme/img/answer.svg]
[ibeeanalytics.com/theme/img/content-5.png]
[ibeeanalytics.com/theme/img/satellite-map.png]
[ibeeanalytics.com/theme/img/footer-bg-3.png]
[ibeeanalytics.com/theme/img/team-bg1.svg]
[ibeeanalytics.com/theme/css/img/feature-pattern1.png]
[ibeeanalytics.com/theme/img/google-translate.svg]
[ibeeanalytics.com/theme/img/overlay-shape-55.png]
[ibeeanalytics.com/theme/img/world-map.svg]
[ibeeanalytics.com/theme/img/feature-pattern2.png]
[ibeeanalytics.com/theme/img/feature-pattern3.png]
[ibeeanalytics.com/theme/img/feature-pattern4.png]
[ibeeanalytics.com/theme/img/feature-pattern1.png]
[ibeeanalytics.com/theme/css/main.css]
[ibeeanalytics.com/theme/css/responsive.css]
[ibeeanalytics.com/theme/css/enquiry.css]
[ibeeanalytics.com/assets/vendor/aos/aos.css]
[ibeeanalytics.com/assets/vendor/bootstrap/css/bootstrap.min.css]
[ibeeanalytics.com/assets/vendor/bootstrap-icons/fonts/bootstrap-iconse52a.woff2]
[ibeeanalytics.com/assets/vendor/bootstrap-icons/fonts/bootstrap-iconse52a.woff]
[ibeeanalytics.com/assets/vendor/bootstrap-icons/bootstrap-icons.css]
[ibeeanalytics.com/assets/vendor/glightbox/css/glightbox.min.css]
[ibeeanalytics.com/assets/vendor/remixicon/remixicon7001.eot]
[ibeeanalytics.com/assets/vendor/remixicon/remixicon7001.woff2]
[ibeeanalytics.com/assets/vendor/remixicon/remixicon7001.woff]
[ibeeanalytics.com/assets/vendor/remixicon/remixicon7001.ttf]
[ibeeanalytics.com/assets/vendor/remixicon/remixicon.css]
[ibeeanalytics.com/assets/vendor/swiper/swiper-bundle.min.css]
[ibeeanalytics.com/assets/vendor/remixicon/remixicon7001.svg]
[ibeeanalytics.com/assets/img/5149654.jpg]
[ibeeanalytics.com/assets/img/15917680_5666022.jpg]
[ibeeanalytics.com/assets/img/14620629_5476534.jpg]
[ibeeanalytics.com/assets/img/team-shape.svg]
[ibeeanalytics.com/assets/img/footer-bg.png]
[ibeeanalytics.com/assets/css/style.css]
[ibeeanalytics.com/services.html]
[ibeeanalytics.com/pricing.html]
[ibeeanalytics.com/contact.html]
[ibeeanalytics.com/hire-me.html]
[ibeeanalytics.com/cdn-cgi/l/email-protection.html]
[ibeeanalytics.com/theme/css/owl.video.play.html]
[ibeeanalytics.com/theme/img/bg-svg.svg]
[ibeeanalytics.com/theme/img/bg-channel.svg]
[ibeeanalytics.com/theme/img/hero-moc-4.html]
[ibeeanalytics.com/theme/img/hero-moc-3.html]
[ibeeanalytics.com/theme/img/dashboard-1.html]
[ibeeanalytics.com/theme/img/dashboard-2.html]
[ibeeanalytics.com/theme/img/mobile-moc-1.html]
[ibeeanalytics.com/theme/img/question.svg]
[ibeeanalytics.com/theme/img/answer.svg]
[ibeeanalytics.com/theme/img/content-5.html]
[ibeeanalytics.com/theme/img/team-bg1.html]
[ibeeanalytics.com/theme/css/img/feature-pattern1.html]
[ibeeanalytics.com/theme/img/google-translate.svg]
[ibeeanalytics.com/theme/img/world-map.svg]
[ibeeanalytics.com/assets/vendor/remixicon/remixicon7001.svg]
[ibeeanalytics.com/assets/img/team-shape.svg]
